// Jest Snapshot v1, https://goo.gl/fbAQLP

exports[`Test Component renders homepage unchanged 1`] = `
<div>
  <div
    class="hstack gap-2"
  >
    <a
      class="btn btn-primary"
      href="#"
      role="button"
      tabindex="0"
    >
      Button as link
    </a>
    <a
      class="btn btn-success"
      href="#"
      role="button"
      tabindex="0"
    >
      Button as link
    </a>
  </div>
</div>
`;
